C51 COMPILER V9.60.0.0   SERIAL1                                                           06/12/2022 17:02:46 PAGE 1   


C51 COMPILER V9.60.0.0, COMPILATION OF MODULE SERIAL1
OBJECT MODULE PLACED IN .\Objects\serial1.obj
COMPILER INVOKED BY: F:\Software\Keil\C51\BIN\C51.EXE serial1.c OPTIMIZE(8,SPEED) BROWSE DEBUG OBJECTEXTEND PRINT(.\List
                    -ings\serial1.lst) TABS(2) OBJECT(.\Objects\serial1.obj)

line level    source

   1          /*#include<reg51.h>
   2          void main()
   3          {
   4            TMOD = 0x20;
   5            TH1 = 0xFD; // Baud rate = 9600
   6            SCON = 0x50;
   7            TR1 = 1;
   8            while(1)
   9            {
  10              SBUF='A';
  11              while(TI==0);
  12              TI=0;
  13            }
  14          }*/


MODULE INFORMATION:   STATIC OVERLAYABLE
   CODE SIZE        =   ----    ----
   CONSTANT SIZE    =   ----    ----
   XDATA SIZE       =   ----    ----
   PDATA SIZE       =   ----    ----
   DATA SIZE        =   ----    ----
   IDATA SIZE       =   ----    ----
   BIT SIZE         =   ----    ----
END OF MODULE INFORMATION.


C51 COMPILATION COMPLETE.  0 WARNING(S),  0 ERROR(S)
